<!DOCTYPE><html><head><title>Hello.</title><meta type="charset" content="utf-8"></head><body><script>function foobar(){var a=5,string=`Templating ${a} strings`;return string}</script></body></html>