<link rel="import" href="../polymer/polymer.html"><link rel="import" href="../paper-styles/shadow.html"><dom-module id="paper-material"><style>:host{display:block;position:relative;@apply(--shadow-transition);}:host([elevation="1"]){@apply(--shadow-elevation-2dp);}:host([elevation="2"]){@apply(--shadow-elevation-4dp);}:host([elevation="3"]){@apply(--shadow-elevation-6dp);}:host([elevation="4"]){@apply(--shadow-elevation-8dp);}:host([elevation="5"]){@apply(--shadow-elevation-16dp);}</style><template><content></content></template></dom-module><script>Polymer({is:"paper-material",properties:{elevation:{type:Number,reflectToAttribute:!0,value:1},animated:{type:Boolean,reflectToAttribute:!0,value:!1}}});</script>